// Jest Snapshot v1, https://goo.gl/fbAQLP

exports[`InputText renders properly 1`] = `
<div
  className="InputText"
>
  <textarea
    autoFocus="true"
    onChange={undefined}
    value={undefined}
  />
  <button
    onClick={undefined}
  >
    Highlight
  </button>
</div>
`;
