// Jest Snapshot v1, https://goo.gl/fbAQLP

exports[`FooterElement renders properly 1`] = `
<div
  className=""
/>
`;
